kotlin version: 2.2.10
error message: java.lang.RuntimeException: Exception while generating code for:
FUN name:AppTheme-RPmYEkk visibility:public modality:FINAL returnType:kotlin.Unit
  VALUE_PARAMETER kind:Regular name:darkTheme index:0 type:kotlin.Boolean
    EXPRESSION_BODY
      ERROR_EXPR 'Default Stub' type=kotlin.Boolean
  VALUE_PARAMETER kind:Regular name:themeColor index:1 type:androidx.compose.ui.graphics.Color
    EXPRESSION_BODY
      ERROR_EXPR 'Default Stub' type=androidx.compose.ui.graphics.Color
  VALUE_PARAMETER kind:Regular name:dynamicColor index:2 type:kotlin.Boolean
    EXPRESSION_BODY
      ERROR_EXPR 'Default Stub' type=kotlin.Boolean
  VALUE_PARAMETER kind:Regular name:content index:3 type:@[Composable] kotlin.Function0<kotlin.Unit>
  annotations:
    Composable
  BLOCK_BODY
    VAR name:colorScheme type:androidx.compose.material3.ColorScheme [val]
      WHEN type=androidx.compose.material3.ColorScheme origin=WHEN
        BRANCH
          if: CALL 'public final fun ANDAND (arg0: kotlin.Boolean, arg1: kotlin.Boolean): kotlin.Boolean declared in kotlin.internal.ir' type=kotlin.Boolean origin=null
            ARG arg0: GET_VAR 'dynamicColor: kotlin.Boolean declared in com.seanchen.xinchat.core.designsystem.theme.ThemeKt.AppTheme-RPmYEkk' type=kotlin.Boolean origin=null
            ARG arg1: CALL 'public final fun greaterOrEqual (arg0: kotlin.Int, arg1: kotlin.Int): kotlin.Boolean declared in kotlin.internal.ir' type=kotlin.Boolean origin=GTEQ
              ARG arg0: GET_FIELD 'FIELD IR_EXTERNAL_JAVA_DECLARATION_STUB name:SDK_INT type:kotlin.Int visibility:public [final,static] declared in android.os.Build.VERSION' type=kotlin.Int superQualifierSymbol=android.os.Build.VERSION origin=null
              ARG arg1: CONST Int type=kotlin.Int value=31
          then: BLOCK type=androidx.compose.material3.ColorScheme origin=null
            VAR name:context type:android.content.Context [val]
              CALL 'public final fun <get-current> (): T of androidx.compose.runtime.CompositionLocal [inline] declared in androidx.compose.runtime.CompositionLocal' type=android.content.Context origin=GET_PROPERTY
                ARG <this>: TYPE_OP type=androidx.compose.runtime.CompositionLocal<T of androidx.compose.runtime.CompositionLocal> origin=IMPLICIT_CAST typeOperand=androidx.compose.runtime.CompositionLocal<T of androidx.compose.runtime.CompositionLocal>
                  CALL 'public final fun <get-LocalContext> (): androidx.compose.runtime.ProvidableCompositionLocal<android.content.Context> declared in androidx.compose.ui.platform.AndroidCompositionLocals_androidKt' type=androidx.compose.runtime.ProvidableCompositionLocal<android.content.Context> origin=GET_PROPERTY
            WHEN type=androidx.compose.material3.ColorScheme origin=IF
              BRANCH
                if: GET_VAR 'darkTheme: kotlin.Boolean declared in com.seanchen.xinchat.core.designsystem.theme.ThemeKt.AppTheme-RPmYEkk' type=kotlin.Boolean origin=null
                then: BLOCK type=androidx.compose.material3.ColorScheme origin=null
                  CALL 'public final fun dynamicDarkColorScheme (context: android.content.Context): androidx.compose.material3.ColorScheme declared in androidx.compose.material3.DynamicTonalPaletteKt' type=androidx.compose.material3.ColorScheme origin=null
                    ARG context: GET_VAR 'val context: android.content.Context [val] declared in com.seanchen.xinchat.core.designsystem.theme.ThemeKt.AppTheme-RPmYEkk' type=android.content.Context origin=null
              BRANCH
                if: CONST Boolean type=kotlin.Boolean value=true
                then: BLOCK type=androidx.compose.material3.ColorScheme origin=null
                  CALL 'public final fun dynamicLightColorScheme (context: android.content.Context): androidx.compose.material3.ColorScheme declared in androidx.compose.material3.DynamicTonalPaletteKt' type=androidx.compose.material3.ColorScheme origin=null
                    ARG context: GET_VAR 'val context: android.content.Context [val] declared in com.seanchen.xinchat.core.designsystem.theme.ThemeKt.AppTheme-RPmYEkk' type=android.content.Context origin=null
        BRANCH
          if: GET_VAR 'darkTheme: kotlin.Boolean declared in com.seanchen.xinchat.core.designsystem.theme.ThemeKt.AppTheme-RPmYEkk' type=kotlin.Boolean origin=null
          then: CALL 'public final fun copy-_VG5OTI$default ($this: androidx.compose.material3.ColorScheme, primary: androidx.compose.ui.graphics.Color, onPrimary: androidx.compose.ui.graphics.Color, primaryContainer: androidx.compose.ui.graphics.Color, onPrimaryContainer: androidx.compose.ui.graphics.Color, inversePrimary: androidx.compose.ui.graphics.Color, secondary: androidx.compose.ui.graphics.Color, onSecondary: androidx.compose.ui.graphics.Color, secondaryContainer: androidx.compose.ui.graphics.Color, onSecondaryContainer: androidx.compose.ui.graphics.Color, tertiary: androidx.compose.ui.graphics.Color, onTertiary: androidx.compose.ui.graphics.Color, tertiaryContainer: androidx.compose.ui.graphics.Color, onTertiaryContainer: androidx.compose.ui.graphics.Color, background: androidx.compose.ui.graphics.Color, onBackground: androidx.compose.ui.graphics.Color, surface: androidx.compose.ui.graphics.Color, onSurface: androidx.compose.ui.graphics.Color, surfaceVariant: androidx.compose.ui.graphics.Color, onSurfaceVariant: androidx.compose.ui.graphics.Color, surfaceTint: androidx.compose.ui.graphics.Color, inverseSurface: androidx.compose.ui.graphics.Color, inverseOnSurface: androidx.compose.ui.graphics.Color, error: androidx.compose.ui.graphics.Color, onError: androidx.compose.ui.graphics.Color, errorContainer: androidx.compose.ui.graphics.Color, onErrorContainer: androidx.compose.ui.graphics.Color, outline: androidx.compose.ui.graphics.Color, outlineVariant: androidx.compose.ui.graphics.Color, scrim: androidx.compose.ui.graphics.Color, surfaceBright: androidx.compose.ui.graphics.Color, surfaceDim: androidx.compose.ui.graphics.Color, surfaceContainer: androidx.compose.ui.graphics.Color, surfaceContainerHigh: androidx.compose.ui.graphics.Color, surfaceContainerHighest: androidx.compose.ui.graphics.Color, surfaceContainerLow: androidx.compose.ui.graphics.Color, surfaceContainerLowest: androidx.compose.ui.graphics.Color, primaryFixed: androidx.compose.ui.graphics.Color, primaryFixedDim: androidx.compose.ui.graphics.Color, onPrimaryFixed: androidx.compose.ui.graphics.Color, onPrimaryFixedVariant: androidx.compose.ui.graphics.Color, secondaryFixed: androidx.compose.ui.graphics.Color, secondaryFixedDim: androidx.compose.ui.graphics.Color, onSecondaryFixed: androidx.compose.ui.graphics.Color, onSecondaryFixedVariant: androidx.compose.ui.graphics.Color, tertiaryFixed: androidx.compose.ui.graphics.Color, tertiaryFixedDim: androidx.compose.ui.graphics.Color, onTertiaryFixed: androidx.compose.ui.graphics.Color, onTertiaryFixedVariant: androidx.compose.ui.graphics.Color, $mask0: kotlin.Int, $mask1: kotlin.Int, $handler: kotlin.Any?): androidx.compose.material3.ColorScheme declared in androidx.compose.material3.ColorScheme' type=androidx.compose.material3.ColorScheme origin=DEFAULT_DISPATCH_CALL
            ARG $this: GET_FIELD 'FIELD PROPERTY_BACKING_FIELD name:DarkColorScheme type:androidx.compose.material3.ColorScheme visibility:private [final,static]' type=androidx.compose.material3.ColorScheme origin=null
            ARG primary: GET_VAR 'themeColor: androidx.compose.ui.graphics.Color declared in com.seanchen.xinchat.core.designsystem.theme.ThemeKt.AppTheme-RPmYEkk' type=androidx.compose.ui.graphics.Color origin=null
            ARG onPrimary: COMPOSITE type=androidx.compose.ui.graphics.Color origin=DEFAULT_VALUE
              CALL 'public final fun <unsafe-coerce> <T, R> (v: T of kotlin.jvm.internal.<unsafe-coerce>): R of kotlin.jvm.internal.<unsafe-coerce> declared in kotlin.jvm.internal' type=androidx.compose.ui.graphics.Color origin=null
                TYPE_ARG T: kotlin.Long
                TYPE_ARG R: androidx.compose.ui.graphics.Color
                ARG v: CONST Long type=kotlin.Long value=0
            ARG primaryContainer: COMPOSITE type=androidx.compose.ui.graphics.Color origin=DEFAULT_VALUE
              CALL 'public final fun <unsafe-coerce> <T, R> (v: T of kotlin.jvm.internal.<unsafe-coerce>): R of kotlin.jvm.internal.<unsafe-coerce> declared in kotlin.jvm.internal' type=androidx.compose.ui.graphics.Color origin=null
                TYPE_ARG T: kotlin.Long
                TYPE_ARG R: androidx.compose.ui.graphics.Color
                ARG v: CONST Long type=kotlin.Long value=0
            ARG onPrimaryContainer: COMPOSITE type=androidx.compose.ui.graphics.Color origin=DEFAULT_VALUE
              CALL 'public final fun <unsafe-coerce> <T, R> (v: T of kotlin.jvm.internal.<unsafe-coerce>): R of kotlin.jvm.internal.<unsafe-coerce> declared in kotlin.jvm.internal' type=androidx.compose.ui.graphics.Color origin=null
                TYPE_ARG T: kotlin.Long
                TYPE_ARG R: androidx.compose.ui.graphics.Color
                ARG v: CONST Long type=kotlin.Long value=0
            ARG inversePrimary: COMPOSITE type=androidx.compose.ui.graphics.Color origin=DEFAULT_VALUE
              CALL 'public final fun <unsafe-coerce> <T, R> (v: T of kotlin.jvm.internal.<unsafe-coerce>): R of kotlin.jvm.internal.<unsafe-coerce> declared in kotlin.jvm.internal' type=androidx.compose.ui.graphics.Color origin=null
                TYPE_ARG T: kotlin.Long
                TYPE_ARG R: androidx.compose.ui.graphics.Color
                ARG v: CONST Long type=kotlin.Long value=0
            ARG secondary: COMPOSITE type=androidx.compose.ui.graphics.Color origin=DEFAULT_VALUE
              CALL 'public final fun <unsafe-coerce> <T, R> (v: T of kotlin.jvm.internal.<unsafe-coerce>): R of kotlin.jvm.internal.<unsafe-coerce> declared in kotlin.jvm.internal' type=androidx.compose.ui.graphics.Color origin=null
                TYPE_ARG T: kotlin.Long
                TYPE_ARG R: androidx.compose.ui.graphics.Color
                ARG v: CONST Long type=kotlin.Long value=0
            ARG onSecondary: COMPOSITE type=androidx.compose.ui.graphics.Color origin=DEFAULT_VALUE
              CALL 'public final fun <unsafe-coerce> <T, R> (v: T of kotlin.jvm.internal.<unsafe-coerce>): R of kotlin.jvm.internal.<unsafe-coerce> declared in kotlin.jvm.internal' type=androidx.compose.ui.graphics.Color origin=null
                TYPE_ARG T: kotlin.Long
                TYPE_ARG R: androidx.compose.ui.graphics.Color
                ARG v: CONST Long type=kotlin.Long value=0
            ARG secondaryContainer: COMPOSITE type=androidx.compose.ui.graphics.Color origin=DEFAULT_VALUE
              CALL 'public final fun <unsafe-coerce> <T, R> (v: T of kotlin.jvm.internal.<unsafe-coerce>): R of kotlin.jvm.internal.<unsafe-coerce> declared in kotlin.jvm.internal' type=androidx.compose.ui.graphics.Color origin=null
                TYPE_ARG T: kotlin.Long
                TYPE_ARG R: androidx.compose.ui.graphics.Color
                ARG v: CONST Long type=kotlin.Long value=0
            ARG onSecondaryContainer: COMPOSITE type=androidx.compose.ui.graphics.Color origin=DEFAULT_VALUE
              CALL 'public final fun <unsafe-coerce> <T, R> (v: T of kotlin.jvm.internal.<unsafe-coerce>): R of kotlin.jvm.internal.<unsafe-coerce> declared in kotlin.jvm.internal' type=androidx.compose.ui.graphics.Color origin=null
                TYPE_ARG T: kotlin.Long
                TYPE_ARG R: androidx.compose.ui.graphics.Color
                ARG v: CONST Long type=kotlin.Long value=0
            ARG tertiary: COMPOSITE type=androidx.compose.ui.graphics.Color origin=DEFAULT_VALUE
              CALL 'public final fun <unsafe-coerce> <T, R> (v: T of kotlin.jvm.internal.<unsafe-coerce>): R of kotlin.jvm.internal.<unsafe-coerce> declared in kotlin.jvm.internal' type=androidx.compose.ui.graphics.Color origin=null
                TYPE_ARG T: kotlin.Long
                TYPE_ARG R: androidx.compose.ui.graphics.Color
                ARG v: CONST Long type=kotlin.Long value=0
            ARG onTertiary: COMPOSITE type=androidx.compose.ui.graphics.Color origin=DEFAULT_VALUE
              CALL 'public final fun <unsafe-coerce> <T, R> (v: T of kotlin.jvm.internal.<unsafe-coerce>): R of kotlin.jvm.internal.<unsafe-coerce> declared in kotlin.jvm.internal' type=androidx.compose.ui.graphics.Color origin=null
                TYPE_ARG T: kotlin.Long
                TYPE_ARG R: androidx.compose.ui.graphics.Color
                ARG v: CONST Long type=kotlin.Long value=0
            ARG tertiaryContainer: COMPOSITE type=androidx.compose.ui.graphics.Color origin=DEFAULT_VALUE
              CALL 'public final fun <unsafe-coerce> <T, R> (v: T of kotlin.jvm.internal.<unsafe-coerce>): R of kotlin.jvm.internal.<unsafe-coerce> declared in kotlin.jvm.internal' type=androidx.compose.ui.graphics.Color origin=null
                TYPE_ARG T: kotlin.Long
                TYPE_ARG R: androidx.compose.ui.graphics.Color
                ARG v: CONST Long type=kotlin.Long value=0
            ARG onTertiaryContainer: COMPOSITE type=androidx.compose.ui.graphics.Color origin=DEFAULT_VALUE
              CALL 'public final fun <unsafe-coerce> <T, R> (v: T of kotlin.jvm.internal.<unsafe-coerce>): R of kotlin.jvm.internal.<unsafe-coerce> declared in kotlin.jvm.internal' type=androidx.compose.ui.graphics.Color origin=null
                TYPE_ARG T: kotlin.Long
                TYPE_ARG R: androidx.compose.ui.graphics.Color
                ARG v: CONST Long type=kotlin.Long value=0
            ARG background: COMPOSITE type=androidx.compose.ui.graphics.Color origin=DEFAULT_VALUE
              CALL 'public final fun <unsafe-coerce> <T, R> (v: T of kotlin.jvm.internal.<unsafe-coerce>): R of kotlin.jvm.internal.<unsafe-coerce> declared in kotlin.jvm.internal' type=androidx.compose.ui.graphics.Color origin=null
                TYPE_ARG T: kotlin.Long
                TYPE_ARG R: androidx.compose.ui.graphics.Color
                ARG v: CONST Long type=kotlin.Long value=0
            ARG onBackground: COMPOSITE type=androidx.compose.ui.graphics.Color origin=DEFAULT_VALUE
              CALL 'public final fun <unsafe-coerce> <T, R> (v: T of kotlin.jvm.internal.<unsafe-coerce>): R of kotlin.jvm.internal.<unsafe-coerce> declared in kotlin.jvm.internal' type=androidx.compose.ui.graphics.Color origin=null
                TYPE_ARG T: kotlin.Long
                TYPE_ARG R: androidx.compose.ui.graphics.Color
                ARG v: CONST Long type=kotlin.Long value=0
            ARG surface: COMPOSITE type=androidx.compose.ui.graphics.Color origin=DEFAULT_VALUE
              CALL 'public final fun <unsafe-coerce> <T, R> (v: T of kotlin.jvm.internal.<unsafe-coerce>): R of kotlin.jvm.internal.<unsafe-coerce> declared in kotlin.jvm.internal' type=androidx.compose.ui.graphics.Color origin=null
                TYPE_ARG T: kotlin.Long
                TYPE_ARG R: androidx.compose.ui.graphics.Color
                ARG v: CONST Long type=kotlin.Long value=0
            ARG onSurface: COMPOSITE type=androidx.compose.ui.graphics.Color origin=DEFAULT_VALUE
              CALL 'public final fun <unsafe-coerce> <T, R> (v: T of kotlin.jvm.internal.<unsafe-coerce>): R of kotlin.jvm.internal.<unsafe-coerce> declared in kotlin.jvm.internal' type=androidx.compose.ui.graphics.Color origin=null
                TYPE_ARG T: kotlin.Long
                TYPE_ARG R: androidx.compose.ui.graphics.Color
                ARG v: CONST Long type=kotlin.Long value=0
            ARG surfaceVariant: COMPOSITE type=androidx.compose.ui.graphics.Color origin=DEFAULT_VALUE
              CALL 'public final fun <unsafe-coerce> <T, R> (v: T of kotlin.jvm.internal.<unsafe-coerce>): R of kotlin.jvm.internal.<unsafe-coerce> declared in kotlin.jvm.internal' type=androidx.compose.ui.graphics.Color origin=null
                TYPE_ARG T: kotlin.Long
                TYPE_ARG R: androidx.compose.ui.graphics.Color
                ARG v: CONST Long type=kotlin.Long value=0
            ARG onSurfaceVariant: COMPOSITE type=androidx.compose.ui.graphics.Color origin=DEFAULT_VALUE
              CALL 'public final fun <unsafe-coerce> <T, R> (v: T of kotlin.jvm.internal.<unsafe-coerce>): R of kotlin.jvm.internal.<unsafe-coerce> declared in kotlin.jvm.internal' type=androidx.compose.ui.graphics.Color origin=null
                TYPE_ARG T: kotlin.Long
                TYPE_ARG R: androidx.compose.ui.graphics.Color
                ARG v: CONST Long type=kotlin.Long value=0
            ARG surfaceTint: GET_VAR 'themeColor: androidx.compose.ui.graphics.Color declared in com.seanchen.xinchat.core.designsystem.theme.ThemeKt.AppTheme-RPmYEkk' type=androidx.compose.ui.graphics.Color origin=null
            ARG inverseSurface: COMPOSITE type=androidx.compose.ui.graphics.Color origin=DEFAULT_VALUE
              CALL 'public final fun <unsafe-coerce> <T, R> (v: T of kotlin.jvm.internal.<unsafe-coerce>): R of kotlin.jvm.internal.<unsafe-coerce> declared in kotlin.jvm.internal' type=androidx.compose.ui.graphics.Color origin=null
                TYPE_ARG T: kotlin.Long
                TYPE_ARG R: androidx.compose.ui.graphics.Color
                ARG v: CONST Long type=kotlin.Long value=0
            ARG inverseOnSurface: COMPOSITE type=androidx.compose.ui.graphics.Color origin=DEFAULT_VALUE
              CALL 'public final fun <unsafe-coerce> <T, R> (v: T of kotlin.jvm.internal.<unsafe-coerce>): R of kotlin.jvm.internal.<unsafe-coerce> declared in kotlin.jvm.internal' type=androidx.compose.ui.graphics.Color origin=null
                TYPE_ARG T: kotlin.Long
                TYPE_ARG R: androidx.compose.ui.graphics.Color
                ARG v: CONST Long type=kotlin.Long value=0
            ARG error: COMPOSITE type=androidx.compose.ui.graphics.Color origin=DEFAULT_VALUE
              CALL 'public final fun <unsafe-coerce> <T, R> (v: T of kotlin.jvm.internal.<unsafe-coerce>): R of kotlin.jvm.internal.<unsafe-coerce> declared in kotlin.jvm.internal' type=androidx.compose.ui.graphics.Color origin=null
                TYPE_ARG T: kotlin.Long
                TYPE_ARG R: androidx.compose.ui.graphics.Color
                ARG v: CONST Long type=kotlin.Long value=0
            ARG onError: COMPOSITE type=androidx.compose.ui.graphics.Color origin=DEFAULT_VALUE
              CALL 'public final fun <unsafe-coerce> <T, R> (v: T of kotlin.jvm.internal.<unsafe-coerce>): R of kotlin.jvm.internal.<unsafe-coerce> declared in kotlin.jvm.internal' type=androidx.compose.ui.graphics.Color origin=null
                TYPE_ARG T: kotlin.Long
                TYPE_ARG R: androidx.compose.ui.graphics.Color
                ARG v: CONST Long type=kotlin.Long value=0
            ARG errorContainer: COMPOSITE type=androidx.compose.ui.graphics.Color origin=DEFAULT_VALUE
              CALL 'public final fun <unsafe-coerce> <T, R> (v: T of kotlin.jvm.internal.<unsafe-coerce>): R of kotlin.jvm.internal.<unsafe-coerce> declared in kotlin.jvm.internal' type=androidx.compose.ui.graphics.Color origin=null
                TYPE_ARG T: kotlin.Long
                TYPE_ARG R: androidx.compose.ui.graphics.Color
                ARG v: CONST Long type=kotlin.Long value=0
            ARG onErrorContainer: COMPOSITE type=androidx.compose.ui.graphics.Color origin=DEFAULT_VALUE
              CALL 'public final fun <unsafe-coerce> <T, R> (v: T of kotlin.jvm.internal.<unsafe-coerce>): R of kotlin.jvm.internal.<unsafe-coerce> declared in kotlin.jvm.internal' type=androidx.compose.ui.graphics.Color origin=null
                TYPE_ARG T: kotlin.Long
                TYPE_ARG R: androidx.compose.ui.graphics.Color
                ARG v: CONST Long type=kotlin.Long value=0
            ARG outline: COMPOSITE type=androidx.compose.ui.graphics.Color origin=DEFAULT_VALUE
              CALL 'public final fun <unsafe-coerce> <T, R> (v: T of kotlin.jvm.internal.<unsafe-coerce>): R of kotlin.jvm.internal.<unsafe-coerce> declared in kotlin.jvm.internal' type=androidx.compose.ui.graphics.Color origin=null
                TYPE_ARG T: kotlin.Long
                TYPE_ARG R: androidx.compose.ui.graphics.Color
                ARG v: CONST Long type=kotlin.Long value=0
            ARG outlineVariant: COMPOSITE type=androidx.compose.ui.graphics.Color origin=DEFAULT_VALUE
              CALL 'public final fun <unsafe-coerce> <T, R> (v: T of kotlin.jvm.internal.<unsafe-coerce>): R of kotlin.jvm.internal.<unsafe-coerce> declared in kotlin.jvm.internal' type=androidx.compose.ui.graphics.Color origin=null
                TYPE_ARG T: kotlin.Long
                TYPE_ARG R: androidx.compose.ui.graphics.Color
                ARG v: CONST Long type=kotlin.Long value=0
            ARG scrim: COMPOSITE type=androidx.compose.ui.graphics.Color origin=DEFAULT_VALUE
              CALL 'public final fun <unsafe-coerce> <T, R> (v: T of kotlin.jvm.internal.<unsafe-coerce>): R of kotlin.jvm.internal.<unsafe-coerce> declared in kotlin.jvm.internal' type=androidx.compose.ui.graphics.Color origin=null
                TYPE_ARG T: kotlin.Long
                TYPE_ARG R: androidx.compose.ui.graphics.Color
                ARG v: CONST Long type=kotlin.Long value=0
            ARG surfaceBright: COMPOSITE type=androidx.compose.ui.graphics.Color origin=DEFAULT_VALUE
              CALL 'public final fun <unsafe-coerce> <T, R> (v: T of kotlin.jvm.internal.<unsafe-coerce>): R of kotlin.jvm.internal.<unsafe-coerce> declared in kotlin.jvm.internal' type=androidx.compose.ui.graphics.Color origin=null
                TYPE_ARG T: kotlin.Long
                TYPE_ARG R: androidx.compose.ui.graphics.Color
                ARG v: CONST Long type=kotlin.Long value=0
            ARG surfaceDim: COMPOSITE type=androidx.compose.ui.graphics.Color origin=DEFAULT_VALUE
              CALL 'public final fun <unsafe-coerce> <T, R> (v: T of kotlin.jvm.internal.<unsafe-coerce>): R of kotlin.jvm.internal.<unsafe-coerce> declared in kotlin.jvm.internal' type=androidx.compose.ui.graphics.Color origin=null
                TYPE_ARG T: kotlin.Long
                TYPE_ARG R: androidx.compose.ui.graphics.Color
                ARG v: CONST Long type=kotlin.Long value=0
            ARG surfaceContainer: COMPOSITE type=androidx.compose.ui.graphics.Color origin=DEFAULT_VALUE
              CALL 'public final fun <unsafe-coerce> <T, R> (v: T of kotlin.jvm.internal.<unsafe-coerce>): R of kotlin.jvm.internal.<unsafe-coerce> declared in kotlin.jvm.internal' type=androidx.compose.ui.graphics.Color origin=null
                TYPE_ARG T: kotlin.Long
                TYPE_ARG R: androidx.compose.ui.graphics.Color
                ARG v: CONST Long type=kotlin.Long value=0
            ARG surfaceContainerHigh: COMPOSITE type=androidx.compose.ui.graphics.Color origin=DEFAULT_VALUE
              CALL 'public final fun <unsafe-coerce> <T, R> (v: T of kotlin.jvm.internal.<unsafe-coerce>): R of kotlin.jvm.internal.<unsafe-coerce> declared in kotlin.jvm.internal' type=androidx.compose.ui.graphics.Color origin=null
                TYPE_ARG T: kotlin.Long
                TYPE_ARG R: androidx.compose.ui.graphics.Color
                ARG v: CONST Long type=kotlin.Long value=0
            ARG surfaceContainerHighest: COMPOSITE type=androidx.compose.ui.graphics.Color origin=DEFAULT_VALUE
              CALL 'public final fun <unsafe-coerce> <T, R> (v: T of kotlin.jvm.internal.<unsafe-coerce>): R of kotlin.jvm.internal.<unsafe-coerce> declared in kotlin.jvm.internal' type=androidx.compose.ui.graphics.Color origin=null
                TYPE_ARG T: kotlin.Long
                TYPE_ARG R: androidx.compose.ui.graphics.Color
                ARG v: CONST Long type=kotlin.Long value=0
            ARG surfaceContainerLow: COMPOSITE type=androidx.compose.ui.graphics.Color origin=DEFAULT_VALUE
              CALL 'public final fun <unsafe-coerce> <T, R> (v: T of kotlin.jvm.internal.<unsafe-coerce>): R of kotlin.jvm.internal.<unsafe-coerce> declared in kotlin.jvm.internal' type=androidx.compose.ui.graphics.Color origin=null
                TYPE_ARG T: kotlin.Long
                TYPE_ARG R: androidx.compose.ui.graphics.Color
                ARG v: CONST Long type=kotlin.Long value=0
            ARG surfaceContainerLowest: COMPOSITE type=androidx.compose.ui.graphics.Color origin=DEFAULT_VALUE
              CALL 'public final fun <unsafe-coerce> <T, R> (v: T of kotlin.jvm.internal.<unsafe-coerce>): R of kotlin.jvm.internal.<unsafe-coerce> declared in kotlin.jvm.internal' type=androidx.compose.ui.graphics.Color origin=null
                TYPE_ARG T: kotlin.Long
                TYPE_ARG R: androidx.compose.ui.graphics.Color
                ARG v: CONST Long type=kotlin.Long value=0
            ARG primaryFixed: COMPOSITE type=androidx.compose.ui.graphics.Color origin=DEFAULT_VALUE
              CALL 'public final fun <unsafe-coerce> <T, R> (v: T of kotlin.jvm.internal.<unsafe-coerce>): R of kotlin.jvm.internal.<unsafe-coerce> declared in kotlin.jvm.internal' type=androidx.compose.ui.graphics.Color origin=null
                TYPE_ARG T: kotlin.Long
                TYPE_ARG R: androidx.compose.ui.graphics.Color
                ARG v: CONST Long type=kotlin.Long value=0
            ARG primaryFixedDim: COMPOSITE type=androidx.compose.ui.graphics.Color origin=DEFAULT_VALUE
              CALL 'public final fun <unsafe-coerce> <T, R> (v: T of kotlin.jvm.internal.<unsafe-coerce>): R of kotlin.jvm.internal.<unsafe-coerce> declared in kotlin.jvm.internal' type=androidx.compose.ui.graphics.Color origin=null
                TYPE_ARG T: kotlin.Long
                TYPE_ARG R: androidx.compose.ui.graphics.Color
                ARG v: CONST Long type=kotlin.Long value=0
            ARG onPrimaryFixed: COMPOSITE type=androidx.compose.ui.graphics.Color origin=DEFAULT_VALUE
              CALL 'public final fun <unsafe-coerce> <T, R> (v: T of kotlin.jvm.internal.<unsafe-coerce>): R of kotlin.jvm.internal.<unsafe-coerce> declared in kotlin.jvm.internal' type=androidx.compose.ui.graphics.Color origin=null
                TYPE_ARG T: kotlin.Long
                TYPE_ARG R: androidx.compose.ui.graphics.Color
                ARG v: CONST Long type=kotlin.Long value=0
            ARG onPrimaryFixedVariant: COMPOSITE type=androidx.compose.ui.graphics.Color origin=DEFAULT_VALUE
              CALL 'public final fun <unsafe-coerce> <T, R> (v: T of kotlin.jvm.internal.<unsafe-coerce>): R of kotlin.jvm.internal.<unsafe-coerce> declared in kotlin.jvm.internal' type=androidx.compose.ui.graphics.Color origin=null
                TYPE_ARG T: kotlin.Long
                TYPE_ARG R: androidx.compose.ui.graphics.Color
                ARG v: CONST Long type=kotlin.Long value=0
            ARG secondaryFixed: COMPOSITE type=androidx.compose.ui.graphics.Color origin=DEFAULT_VALUE
              CALL 'public final fun <unsafe-coerce> <T, R> (v: T of kotlin.jvm.internal.<unsafe-coerce>): R of kotlin.jvm.internal.<unsafe-coerce> declared in kotlin.jvm.internal' type=androidx.compose.ui.graphics.Color origin=null
                TYPE_ARG T: kotlin.Long
                TYPE_ARG R: androidx.compose.ui.graphics.Color
                ARG v: CONST Long type=kotlin.Long value=0
            ARG secondaryFixedDim: COMPOSITE type=androidx.compose.ui.graphics.Color origin=DEFAULT_VALUE
              CALL 'public final fun <unsafe-coerce> <T, R> (v: T of kotlin.jvm.internal.<unsafe-coerce>): R of kotlin.jvm.internal.<unsafe-coerce> declared in kotlin.jvm.internal' type=androidx.compose.ui.graphics.Color origin=null
                TYPE_ARG T: kotlin.Long
                TYPE_ARG R: androidx.compose.ui.graphics.Color
                ARG v: CONST Long type=kotlin.Long value=0
            ARG onSecondaryFixed: COMPOSITE type=androidx.compose.ui.graphics.Color origin=DEFAULT_VALUE
              CALL 'public final fun <unsafe-coerce> <T, R> (v: T of kotlin.jvm.internal.<unsafe-coerce>): R of kotlin.jvm.internal.<unsafe-coerce> declared in kotlin.jvm.internal' type=androidx.compose.ui.graphics.Color origin=null
                TYPE_ARG T: kotlin.Long
                TYPE_ARG R: androidx.compose.ui.graphics.Color
                ARG v: CONST Long type=kotlin.Long value=0
            ARG onSecondaryFixedVariant: COMPOSITE type=androidx.compose.ui.graphics.Color origin=DEFAULT_VALUE
              CALL 'public final fun <unsafe-coerce> <T, R> (v: T of kotlin.jvm.internal.<unsafe-coerce>): R of kotlin.jvm.internal.<unsafe-coerce> declared in kotlin.jvm.internal' type=androidx.compose.ui.graphics.Color origin=null
                TYPE_ARG T: kotlin.Long
                TYPE_ARG R: androidx.compose.ui.graphics.Color
                ARG v: CONST Long type=kotlin.Long value=0
            ARG tertiaryFixed: COMPOSITE type=androidx.compose.ui.graphics.Color origin=DEFAULT_VALUE
              CALL 'public final fun <unsafe-coerce> <T, R> (v: T of kotlin.jvm.internal.<unsafe-coerce>): R of kotlin.jvm.internal.<unsafe-coerce> declared in kotlin.jvm.internal' type=androidx.compose.ui.graphics.Color origin=null
                TYPE_ARG T: kotlin.Long
                TYPE_ARG R: androidx.compose.ui.graphics.Color
                ARG v: CONST Long type=kotlin.Long value=0
            ARG tertiaryFixedDim: COMPOSITE type=androidx.compose.ui.graphics.Color origin=DEFAULT_VALUE
              CALL 'public final fun <unsafe-coerce> <T, R> (v: T of kotlin.jvm.internal.<unsafe-coerce>): R of kotlin.jvm.internal.<unsafe-coerce> declared in kotlin.jvm.internal' type=androidx.compose.ui.graphics.Color origin=null
                TYPE_ARG T: kotlin.Long
                TYPE_ARG R: androidx.compose.ui.graphics.Color
                ARG v: CONST Long type=kotlin.Long value=0
            ARG onTertiaryFixed: COMPOSITE type=androidx.compose.ui.graphics.Color origin=DEFAULT_VALUE
              CALL 'public final fun <unsafe-coerce> <T, R> (v: T of kotlin.jvm.internal.<unsafe-coerce>): R of kotlin.jvm.internal.<unsafe-coerce> declared in kotlin.jvm.internal' type=androidx.compose.ui.graphics.Color origin=null
                TYPE_ARG T: kotlin.Long
                TYPE_ARG R: androidx.compose.ui.graphics.Color
                ARG v: CONST Long type=kotlin.Long value=0
            ARG onTertiaryFixedVariant: COMPOSITE type=androidx.compose.ui.graphics.Color origin=DEFAULT_VALUE
              CALL 'public final fun <unsafe-coerce> <T, R> (v: T of kotlin.jvm.internal.<unsafe-coerce>): R of kotlin.jvm.internal.<unsafe-coerce> declared in kotlin.jvm.internal' type=androidx.compose.ui.graphics.Color origin=null
                TYPE_ARG T: kotlin.Long
                TYPE_ARG R: androidx.compose.ui.graphics.Color
                ARG v: CONST Long type=kotlin.Long value=0
            ARG $mask0: CONST Int type=kotlin.Int value=-524290
            ARG $mask1: CONST Int type=kotlin.Int value=65535
            ARG $handler: CONST Null type=kotlin.Any? value=null
        BRANCH
          if: CONST Boolean type=kotlin.Boolean value=true
          then: CALL 'public final fun copy-_VG5OTI$default ($this: androidx.compose.material3.ColorScheme, primary: androidx.compose.ui.graphics.Color, onPrimary: androidx.compose.ui.graphics.Color, primaryContainer: androidx.compose.ui.graphics.Color, onPrimaryContainer: androidx.compose.ui.graphics.Color, inversePrimary: androidx.compose.ui.graphics.Color, secondary: androidx.compose.ui.graphics.Color, onSecondary: androidx.compose.ui.graphics.Color, secondaryContainer: androidx.compose.ui.graphics.Color, onSecondaryContainer: androidx.compose.ui.graphics.Color, tertiary: androidx.compose.ui.graphics.Color, onTertiary: androidx.compose.ui.graphics.Color, tertiaryContainer: androidx.compose.ui.graphics.Color, onTertiaryContainer: androidx.compose.ui.graphics.Color, background: androidx.compose.ui.graphics.Color, onBackground: androidx.compose.ui.graphics.Color, surface: androidx.compose.ui.graphics.Color, onSurface: androidx.compose.ui.graphics.Color, surfaceVariant: androidx.compose.ui.graphics.Color, onSurfaceVariant: androidx.compose.ui.graphics.Color, surfaceTint: androidx.compose.ui.graphics.Color, inverseSurface: androidx.compose.ui.graphics.Color, inverseOnSurface: androidx.compose.ui.graphics.Color, error: androidx.compose.ui.graphics.Color, onError: androidx.compose.ui.graphics.Color, errorContainer: androidx.compose.ui.graphics.Color, onErrorContainer: androidx.compose.ui.graphics.Color, outline: androidx.compose.ui.graphics.Color, outlineVariant: androidx.compose.ui.graphics.Color, scrim: androidx.compose.ui.graphics.Color, surfaceBright: androidx.compose.ui.graphics.Color, surfaceDim: androidx.compose.ui.graphics.Color, surfaceContainer: androidx.compose.ui.graphics.Color, surfaceContainerHigh: androidx.compose.ui.graphics.Color, surfaceContainerHighest: androidx.compose.ui.graphics.Color, surfaceContainerLow: androidx.compose.ui.graphics.Color, surfaceContainerLowest: androidx.compose.ui.graphics.Color, primaryFixed: androidx.compose.ui.graphics.Color, primaryFixedDim: androidx.compose.ui.graphics.Color, onPrimaryFixed: androidx.compose.ui.graphics.Color, onPrimaryFixedVariant: androidx.compose.ui.graphics.Color, secondaryFixed: androidx.compose.ui.graphics.Color, secondaryFixedDim: androidx.compose.ui.graphics.Color, onSecondaryFixed: androidx.compose.ui.graphics.Color, onSecondaryFixedVariant: androidx.compose.ui.graphics.Color, tertiaryFixed: androidx.compose.ui.graphics.Color, tertiaryFixedDim: androidx.compose.ui.graphics.Color, onTertiaryFixed: androidx.compose.ui.graphics.Color, onTertiaryFixedVariant: androidx.compose.ui.graphics.Color, $mask0: kotlin.Int, $mask1: kotlin.Int, $handler: kotlin.Any?): androidx.compose.material3.ColorScheme declared in androidx.compose.material3.ColorScheme' type=androidx.compose.material3.ColorScheme origin=DEFAULT_DISPATCH_CALL
            ARG $this: GET_FIELD 'FIELD PROPERTY_BACKING_FIELD name:LightColorScheme type:androidx.compose.material3.ColorScheme visibility:private [final,static]' type=androidx.compose.material3.ColorScheme origin=null
            ARG primary: GET_VAR 'themeColor: androidx.compose.ui.graphics.Color declared in com.seanchen.xinchat.core.designsystem.theme.ThemeKt.AppTheme-RPmYEkk' type=androidx.compose.ui.graphics.Color origin=null
            ARG onPrimary: COMPOSITE type=androidx.compose.ui.graphics.Color origin=DEFAULT_VALUE
              CALL 'public final fun <unsafe-coerce> <T, R> (v: T of kotlin.jvm.internal.<unsafe-coerce>): R of kotlin.jvm.internal.<unsafe-coerce> declared in kotlin.jvm.internal' type=androidx.compose.ui.graphics.Color origin=null
                TYPE_ARG T: kotlin.Long
                TYPE_ARG R: androidx.compose.ui.graphics.Color
                ARG v: CONST Long type=kotlin.Long value=0
            ARG primaryContainer: COMPOSITE type=androidx.compose.ui.graphics.Color origin=DEFAULT_VALUE
              CALL 'public final fun <unsafe-coerce> <T, R> (v: T of kotlin.jvm.internal.<unsafe-coerce>): R of kotlin.jvm.internal.<unsafe-coerce> declared in kotlin.jvm.internal' type=androidx.compose.ui.graphics.Color origin=null
                TYPE_ARG T: kotlin.Long
                TYPE_ARG R: androidx.compose.ui.graphics.Color
                ARG v: CONST Long type=kotlin.Long value=0
            ARG onPrimaryContainer: COMPOSITE type=androidx.compose.ui.graphics.Color origin=DEFAULT_VALUE
              CALL 'public final fun <unsafe-coerce> <T, R> (v: T of kotlin.jvm.internal.<unsafe-coerce>): R of kotlin.jvm.internal.<unsafe-coerce> declared in kotlin.jvm.internal' type=androidx.compose.ui.graphics.Color origin=null
                TYPE_ARG T: kotlin.Long
                TYPE_ARG R: androidx.compose.ui.graphics.Color
                ARG v: CONST Long type=kotlin.Long value=0
            ARG inversePrimary: COMPOSITE type=androidx.compose.ui.graphics.Color origin=DEFAULT_VALUE
              CALL 'public final fun <unsafe-coerce> <T, R> (v: T of kotlin.jvm.internal.<unsafe-coerce>): R of kotlin.jvm.internal.<unsafe-coerce> declared in kotlin.jvm.internal' type=androidx.compose.ui.graphics.Color origin=null
                TYPE_ARG T: kotlin.Long
                TYPE_ARG R: androidx.compose.ui.graphics.Color
                ARG v: CONST Long type=kotlin.Long value=0
            ARG secondary: COMPOSITE type=androidx.compose.ui.graphics.Color origin=DEFAULT_VALUE
              CALL 'public final fun <unsafe-coerce> <T, R> (v: T of kotlin.jvm.internal.<unsafe-coerce>): R of kotlin.jvm.internal.<unsafe-coerce> declared in kotlin.jvm.internal' type=androidx.compose.ui.graphics.Color origin=null
                TYPE_ARG T: kotlin.Long
                TYPE_ARG R: androidx.compose.ui.graphics.Color
                ARG v: CONST Long type=kotlin.Long value=0
            ARG onSecondary: COMPOSITE type=androidx.compose.ui.graphics.Color origin=DEFAULT_VALUE
              CALL 'public final fun <unsafe-coerce> <T, R> (v: T of kotlin.jvm.internal.<unsafe-coerce>): R of kotlin.jvm.internal.<unsafe-coerce> declared in kotlin.jvm.internal' type=androidx.compose.ui.graphics.Color origin=null
                TYPE_ARG T: kotlin.Long
                TYPE_ARG R: androidx.compose.ui.graphics.Color
                ARG v: CONST Long type=kotlin.Long value=0
            ARG secondaryContainer: COMPOSITE type=androidx.compose.ui.graphics.Color origin=DEFAULT_VALUE
              CALL 'public final fun <unsafe-coerce> <T, R> (v: T of kotlin.jvm.internal.<unsafe-coerce>): R of kotlin.jvm.internal.<unsafe-coerce> declared in kotlin.jvm.internal' type=androidx.compose.ui.graphics.Color origin=null
                TYPE_ARG T: kotlin.Long
                TYPE_ARG R: androidx.compose.ui.graphics.Color
                ARG v: CONST Long type=kotlin.Long value=0
            ARG onSecondaryContainer: COMPOSITE type=androidx.compose.ui.graphics.Color origin=DEFAULT_VALUE
              CALL 'public final fun <unsafe-coerce> <T, R> (v: T of kotlin.jvm.internal.<unsafe-coerce>): R of kotlin.jvm.internal.<unsafe-coerce> declared in kotlin.jvm.internal' type=androidx.compose.ui.graphics.Color origin=null
                TYPE_ARG T: kotlin.Long
                TYPE_ARG R: androidx.compose.ui.graphics.Color
                ARG v: CONST Long type=kotlin.Long value=0
            ARG tertiary: COMPOSITE type=androidx.compose.ui.graphics.Color origin=DEFAULT_VALUE
              CALL 'public final fun <unsafe-coerce> <T, R> (v: T of kotlin.jvm.internal.<unsafe-coerce>): R of kotlin.jvm.internal.<unsafe-coerce> declared in kotlin.jvm.internal' type=androidx.compose.ui.graphics.Color origin=null
                TYPE_ARG T: kotlin.Long
                TYPE_ARG R: androidx.compose.ui.graphics.Color
                ARG v: CONST Long type=kotlin.Long value=0
            ARG onTertiary: COMPOSITE type=androidx.compose.ui.graphics.Color origin=DEFAULT_VALUE
              CALL 'public final fun <unsafe-coerce> <T, R> (v: T of kotlin.jvm.internal.<unsafe-coerce>): R of kotlin.jvm.internal.<unsafe-coerce> declared in kotlin.jvm.internal' type=androidx.compose.ui.graphics.Color origin=null
                TYPE_ARG T: kotlin.Long
                TYPE_ARG R: androidx.compose.ui.graphics.Color
                ARG v: CONST Long type=kotlin.Long value=0
            ARG tertiaryContainer: COMPOSITE type=androidx.compose.ui.graphics.Color origin=DEFAULT_VALUE
              CALL 'public final fun <unsafe-coerce> <T, R> (v: T of kotlin.jvm.internal.<unsafe-coerce>): R of kotlin.jvm.internal.<unsafe-coerce> declared in kotlin.jvm.internal' type=androidx.compose.ui.graphics.Color origin=null
                TYPE_ARG T: kotlin.Long
                TYPE_ARG R: androidx.compose.ui.graphics.Color
                ARG v: CONST Long type=kotlin.Long value=0
            ARG onTertiaryContainer: COMPOSITE type=androidx.compose.ui.graphics.Color origin=DEFAULT_VALUE
              CALL 'public final fun <unsafe-coerce> <T, R> (v: T of kotlin.jvm.internal.<unsafe-coerce>): R of kotlin.jvm.internal.<unsafe-coerce> declared in kotlin.jvm.internal' type=androidx.compose.ui.graphics.Color origin=null
                TYPE_ARG T: kotlin.Long
                TYPE_ARG R: androidx.compose.ui.graphics.Color
                ARG v: CONST Long type=kotlin.Long value=0
            ARG background: COMPOSITE type=androidx.compose.ui.graphics.Color origin=DEFAULT_VALUE
              CALL 'public final fun <unsafe-coerce> <T, R> (v: T of kotlin.jvm.internal.<unsafe-coerce>): R of kotlin.jvm.internal.<unsafe-coerce> declared in kotlin.jvm.internal' type=androidx.compose.ui.graphics.Color origin=null
                TYPE_ARG T: kotlin.Long
                TYPE_ARG R: androidx.compose.ui.graphics.Color
                ARG v: CONST Long type=kotlin.Long value=0
            ARG onBackground: COMPOSITE type=androidx.compose.ui.graphics.Color origin=DEFAULT_VALUE
              CALL 'public final fun <unsafe-coerce> <T, R> (v: T of kotlin.jvm.internal.<unsafe-coerce>): R of kotlin.jvm.internal.<unsafe-coerce> declared in kotlin.jvm.internal' type=androidx.compose.ui.graphics.Color origin=null
                TYPE_ARG T: kotlin.Long
                TYPE_ARG R: androidx.compose.ui.graphics.Color
                ARG v: CONST Long type=kotlin.Long value=0
            ARG surface: COMPOSITE type=androidx.compose.ui.graphics.Color origin=DEFAULT_VALUE
              CALL 'public final fun <unsafe-coerce> <T, R> (v: T of kotlin.jvm.internal.<unsafe-coerce>): R of kotlin.jvm.internal.<unsafe-coerce> declared in kotlin.jvm.internal' type=androidx.compose.ui.graphics.Color origin=null
                TYPE_ARG T: kotlin.Long
                TYPE_ARG R: androidx.compose.ui.graphics.Color
                ARG v: CONST Long type=kotlin.Long value=0
            ARG onSurface: COMPOSITE type=androidx.compose.ui.graphics.Color origin=DEFAULT_VALUE
              CALL 'public final fun <unsafe-coerce> <T, R> (v: T of kotlin.jvm.internal.<unsafe-coerce>): R of kotlin.jvm.internal.<unsafe-coerce> declared in kotlin.jvm.internal' type=androidx.compose.ui.graphics.Color origin=null
                TYPE_ARG T: kotlin.Long
                TYPE_ARG R: androidx.compose.ui.graphics.Color
                ARG v: CONST Long type=kotlin.Long value=0
            ARG surfaceVariant: COMPOSITE type=androidx.compose.ui.graphics.Color origin=DEFAULT_VALUE
              CALL 'public final fun <unsafe-coerce> <T, R> (v: T of kotlin.jvm.internal.<unsafe-coerce>): R of kotlin.jvm.internal.<unsafe-coerce> declared in kotlin.jvm.internal' type=androidx.compose.ui.graphics.Color origin=null
                TYPE_ARG T: kotlin.Long
                TYPE_ARG R: androidx.compose.ui.graphics.Color
                ARG v: CONST Long type=kotlin.Long value=0
            ARG onSurfaceVariant: COMPOSITE type=androidx.compose.ui.graphics.Color origin=DEFAULT_VALUE
              CALL 'public final fun <unsafe-coerce> <T, R> (v: T of kotlin.jvm.internal.<unsafe-coerce>): R of kotlin.jvm.internal.<unsafe-coerce> declared in kotlin.jvm.internal' type=androidx.compose.ui.graphics.Color origin=null
                TYPE_ARG T: kotlin.Long
                TYPE_ARG R: androidx.compose.ui.graphics.Color
                ARG v: CONST Long type=kotlin.Long value=0
            ARG surfaceTint: GET_VAR 'themeColor: androidx.compose.ui.graphics.Color declared in com.seanchen.xinchat.core.designsystem.theme.ThemeKt.AppTheme-RPmYEkk' type=androidx.compose.ui.graphics.Color origin=null
            ARG inverseSurface: COMPOSITE type=androidx.compose.ui.graphics.Color origin=DEFAULT_VALUE
              CALL 'public final fun <unsafe-coerce> <T, R> (v: T of kotlin.jvm.internal.<unsafe-coerce>): R of kotlin.jvm.internal.<unsafe-coerce> declared in kotlin.jvm.internal' type=androidx.compose.ui.graphics.Color origin=null
                TYPE_ARG T: kotlin.Long
                TYPE_ARG R: androidx.compose.ui.graphics.Color
                ARG v: CONST Long type=kotlin.Long value=0
            ARG inverseOnSurface: COMPOSITE type=androidx.compose.ui.graphics.Color origin=DEFAULT_VALUE
              CALL 'public final fun <unsafe-coerce> <T, R> (v: T of kotlin.jvm.internal.<unsafe-coerce>): R of kotlin.jvm.internal.<unsafe-coerce> declared in kotlin.jvm.internal' type=androidx.compose.ui.graphics.Color origin=null
                TYPE_ARG T: kotlin.Long
                TYPE_ARG R: androidx.compose.ui.graphics.Color
                ARG v: CONST Long type=kotlin.Long value=0
            ARG error: COMPOSITE type=androidx.compose.ui.graphics.Color origin=DEFAULT_VALUE
              CALL 'public final fun <unsafe-coerce> <T, R> (v: T of kotlin.jvm.internal.<unsafe-coerce>): R of kotlin.jvm.internal.<unsafe-coerce> declared in kotlin.jvm.internal' type=androidx.compose.ui.graphics.Color origin=null
                TYPE_ARG T: kotlin.Long
                TYPE_ARG R: androidx.compose.ui.graphics.Color
                ARG v: CONST Long type=kotlin.Long value=0
            ARG onError: COMPOSITE type=androidx.compose.ui.graphics.Color origin=DEFAULT_VALUE
              CALL 'public final fun <unsafe-coerce> <T, R> (v: T of kotlin.jvm.internal.<unsafe-coerce>): R of kotlin.jvm.internal.<unsafe-coerce> declared in kotlin.jvm.internal' type=androidx.compose.ui.graphics.Color origin=null
                TYPE_ARG T: kotlin.Long
                TYPE_ARG R: androidx.compose.ui.graphics.Color
                ARG v: CONST Long type=kotlin.Long value=0
            ARG errorContainer: COMPOSITE type=androidx.compose.ui.graphics.Color origin=DEFAULT_VALUE
              CALL 'public final fun <unsafe-coerce> <T, R> (v: T of kotlin.jvm.internal.<unsafe-coerce>): R of kotlin.jvm.internal.<unsafe-coerce> declared in kotlin.jvm.internal' type=androidx.compose.ui.graphics.Color origin=null
                TYPE_ARG T: kotlin.Long
                TYPE_ARG R: androidx.compose.ui.graphics.Color
                ARG v: CONST Long type=kotlin.Long value=0
            ARG onErrorContainer: COMPOSITE type=androidx.compose.ui.graphics.Color origin=DEFAULT_VALUE
              CALL 'public final fun <unsafe-coerce> <T, R> (v: T of kotlin.jvm.internal.<unsafe-coerce>): R of kotlin.jvm.internal.<unsafe-coerce> declared in kotlin.jvm.internal' type=androidx.compose.ui.graphics.Color origin=null
                TYPE_ARG T: kotlin.Long
                TYPE_ARG R: androidx.compose.ui.graphics.Color
                ARG v: CONST Long type=kotlin.Long value=0
            ARG outline: COMPOSITE type=androidx.compose.ui.graphics.Color origin=DEFAULT_VALUE
              CALL 'public final fun <unsafe-coerce> <T, R> (v: T of kotlin.jvm.internal.<unsafe-coerce>): R of kotlin.jvm.internal.<unsafe-coerce> declared in kotlin.jvm.internal' type=androidx.compose.ui.graphics.Color origin=null
                TYPE_ARG T: kotlin.Long
                TYPE_ARG R: androidx.compose.ui.graphics.Color
                ARG v: CONST Long type=kotlin.Long value=0
            ARG outlineVariant: COMPOSITE type=androidx.compose.ui.graphics.Color origin=DEFAULT_VALUE
              CALL 'public final fun <unsafe-coerce> <T, R> (v: T of kotlin.jvm.internal.<unsafe-coerce>): R of kotlin.jvm.internal.<unsafe-coerce> declared in kotlin.jvm.internal' type=androidx.compose.ui.graphics.Color origin=null
                TYPE_ARG T: kotlin.Long
                TYPE_ARG R: androidx.compose.ui.graphics.Color
                ARG v: CONST Long type=kotlin.Long value=0
            ARG scrim: COMPOSITE type=androidx.compose.ui.graphics.Color origin=DEFAULT_VALUE
              CALL 'public final fun <unsafe-coerce> <T, R> (v: T of kotlin.jvm.internal.<unsafe-coerce>): R of kotlin.jvm.internal.<unsafe-coerce> declared in kotlin.jvm.internal' type=androidx.compose.ui.graphics.Color origin=null
                TYPE_ARG T: kotlin.Long
                TYPE_ARG R: androidx.compose.ui.graphics.Color
                ARG v: CONST Long type=kotlin.Long value=0
            ARG surfaceBright: COMPOSITE type=androidx.compose.ui.graphics.Color origin=DEFAULT_VALUE
              CALL 'public final fun <unsafe-coerce> <T, R> (v: T of kotlin.jvm.internal.<unsafe-coerce>): R of kotlin.jvm.internal.<unsafe-coerce> declared in kotlin.jvm.internal' type=androidx.compose.ui.graphics.Color origin=null
                TYPE_ARG T: kotlin.Long
                TYPE_ARG R: androidx.compose.ui.graphics.Color
                ARG v: CONST Long type=kotlin.Long value=0
            ARG surfaceDim: COMPOSITE type=androidx.compose.ui.graphics.Color origin=DEFAULT_VALUE
              CALL 'public final fun <unsafe-coerce> <T, R> (v: T of kotlin.jvm.internal.<unsafe-coerce>): R of kotlin.jvm.internal.<unsafe-coerce> declared in kotlin.jvm.internal' type=androidx.compose.ui.graphics.Color origin=null
                TYPE_ARG T: kotlin.Long
                TYPE_ARG R: androidx.compose.ui.graphics.Color
                ARG v: CONST Long type=kotlin.Long value=0
            ARG surfaceContainer: COMPOSITE type=androidx.compose.ui.graphics.Color origin=DEFAULT_VALUE
              CALL 'public final fun <unsafe-coerce> <T, R> (v: T of kotlin.jvm.internal.<unsafe-coerce>): R of kotlin.jvm.internal.<unsafe-coerce> declared in kotlin.jvm.internal' type=androidx.compose.ui.graphics.Color origin=null
                TYPE_ARG T: kotlin.Long
                TYPE_ARG R: androidx.compose.ui.graphics.Color
                ARG v: CONST Long type=kotlin.Long value=0
            ARG surfaceContainerHigh: COMPOSITE type=androidx.compose.ui.graphics.Color origin=DEFAULT_VALUE
              CALL 'public final fun <unsafe-coerce> <T, R> (v: T of kotlin.jvm.internal.<unsafe-coerce>): R of kotlin.jvm.internal.<unsafe-coerce> declared in kotlin.jvm.internal' type=androidx.compose.ui.graphics.Color origin=null
                TYPE_ARG T: kotlin.Long
                TYPE_ARG R: androidx.compose.ui.graphics.Color
                ARG v: CONST Long type=kotlin.Long value=0
            ARG surfaceContainerHighest: COMPOSITE type=androidx.compose.ui.graphics.Color origin=DEFAULT_VALUE
              CALL 'public final fun <unsafe-coerce> <T, R> (v: T of kotlin.jvm.internal.<unsafe-coerce>): R of kotlin.jvm.internal.<unsafe-coerce> declared in kotlin.jvm.internal' type=androidx.compose.ui.graphics.Color origin=null
                TYPE_ARG T: kotlin.Long
                TYPE_ARG R: androidx.compose.ui.graphics.Color
                ARG v: CONST Long type=kotlin.Long value=0
            ARG surfaceContainerLow: COMPOSITE type=androidx.compose.ui.graphics.Color origin=DEFAULT_VALUE
              CALL 'public final fun <unsafe-coerce> <T, R> (v: T of kotlin.jvm.internal.<unsafe-coerce>): R of kotlin.jvm.internal.<unsafe-coerce> declared in kotlin.jvm.internal' type=androidx.compose.ui.graphics.Color origin=null
                TYPE_ARG T: kotlin.Long
                TYPE_ARG R: androidx.compose.ui.graphics.Color
                ARG v: CONST Long type=kotlin.Long value=0
            ARG surfaceContainerLowest: COMPOSITE type=androidx.compose.ui.graphics.Color origin=DEFAULT_VALUE
              CALL 'public final fun <unsafe-coerce> <T, R> (v: T of kotlin.jvm.internal.<unsafe-coerce>): R of kotlin.jvm.internal.<unsafe-coerce> declared in kotlin.jvm.internal' type=androidx.compose.ui.graphics.Color origin=null
                TYPE_ARG T: kotlin.Long
                TYPE_ARG R: androidx.compose.ui.graphics.Color
                ARG v: CONST Long type=kotlin.Long value=0
            ARG primaryFixed: COMPOSITE type=androidx.compose.ui.graphics.Color origin=DEFAULT_VALUE
              CALL 'public final fun <unsafe-coerce> <T, R> (v: T of kotlin.jvm.internal.<unsafe-coerce>): R of kotlin.jvm.internal.<unsafe-coerce> declared in kotlin.jvm.internal' type=androidx.compose.ui.graphics.Color origin=null
                TYPE_ARG T: kotlin.Long
                TYPE_ARG R: androidx.compose.ui.graphics.Color
                ARG v: CONST Long type=kotlin.Long value=0
            ARG primaryFixedDim: COMPOSITE type=androidx.compose.ui.graphics.Color origin=DEFAULT_VALUE
              CALL 'public final fun <unsafe-coerce> <T, R> (v: T of kotlin.jvm.internal.<unsafe-coerce>): R of kotlin.jvm.internal.<unsafe-coerce> declared in kotlin.jvm.internal' type=androidx.compose.ui.graphics.Color origin=null
                TYPE_ARG T: kotlin.Long
                TYPE_ARG R: androidx.compose.ui.graphics.Color
                ARG v: CONST Long type=kotlin.Long value=0
            ARG onPrimaryFixed: COMPOSITE type=androidx.compose.ui.graphics.Color origin=DEFAULT_VALUE
              CALL 'public final fun <unsafe-coerce> <T, R> (v: T of kotlin.jvm.internal.<unsafe-coerce>): R of kotlin.jvm.internal.<unsafe-coerce> declared in kotlin.jvm.internal' type=androidx.compose.ui.graphics.Color origin=null
                TYPE_ARG T: kotlin.Long
                TYPE_ARG R: androidx.compose.ui.graphics.Color
                ARG v: CONST Long type=kotlin.Long value=0
            ARG onPrimaryFixedVariant: COMPOSITE type=androidx.compose.ui.graphics.Color origin=DEFAULT_VALUE
              CALL 'public final fun <unsafe-coerce> <T, R> (v: T of kotlin.jvm.internal.<unsafe-coerce>): R of kotlin.jvm.internal.<unsafe-coerce> declared in kotlin.jvm.internal' type=androidx.compose.ui.graphics.Color origin=null
                TYPE_ARG T: kotlin.Long
                TYPE_ARG R: androidx.compose.ui.graphics.Color
                ARG v: CONST Long type=kotlin.Long value=0
            ARG secondaryFixed: COMPOSITE type=androidx.compose.ui.graphics.Color origin=DEFAULT_VALUE
              CALL 'public final fun <unsafe-coerce> <T, R> (v: T of kotlin.jvm.internal.<unsafe-coerce>): R of kotlin.jvm.internal.<unsafe-coerce> declared in kotlin.jvm.internal' type=androidx.compose.ui.graphics.Color origin=null
                TYPE_ARG T: kotlin.Long
                TYPE_ARG R: androidx.compose.ui.graphics.Color
                ARG v: CONST Long type=kotlin.Long value=0
            ARG secondaryFixedDim: COMPOSITE type=androidx.compose.ui.graphics.Color origin=DEFAULT_VALUE
              CALL 'public final fun <unsafe-coerce> <T, R> (v: T of kotlin.jvm.internal.<unsafe-coerce>): R of kotlin.jvm.internal.<unsafe-coerce> declared in kotlin.jvm.internal' type=androidx.compose.ui.graphics.Color origin=null
                TYPE_ARG T: kotlin.Long
                TYPE_ARG R: androidx.compose.ui.graphics.Color
                ARG v: CONST Long type=kotlin.Long value=0
            ARG onSecondaryFixed: COMPOSITE type=androidx.compose.ui.graphics.Color origin=DEFAULT_VALUE
              CALL 'public final fun <unsafe-coerce> <T, R> (v: T of kotlin.jvm.internal.<unsafe-coerce>): R of kotlin.jvm.internal.<unsafe-coerce> declared in kotlin.jvm.internal' type=androidx.compose.ui.graphics.Color origin=null
                TYPE_ARG T: kotlin.Long
                TYPE_ARG R: androidx.compose.ui.graphics.Color
                ARG v: CONST Long type=kotlin.Long value=0
            ARG onSecondaryFixedVariant: COMPOSITE type=androidx.compose.ui.graphics.Color origin=DEFAULT_VALUE
              CALL 'public final fun <unsafe-coerce> <T, R> (v: T of kotlin.jvm.internal.<unsafe-coerce>): R of kotlin.jvm.internal.<unsafe-coerce> declared in kotlin.jvm.internal' type=androidx.compose.ui.graphics.Color origin=null
                TYPE_ARG T: kotlin.Long
                TYPE_ARG R: androidx.compose.ui.graphics.Color
                ARG v: CONST Long type=kotlin.Long value=0
            ARG tertiaryFixed: COMPOSITE type=androidx.compose.ui.graphics.Color origin=DEFAULT_VALUE
              CALL 'public final fun <unsafe-coerce> <T, R> (v: T of kotlin.jvm.internal.<unsafe-coerce>): R of kotlin.jvm.internal.<unsafe-coerce> declared in kotlin.jvm.internal' type=androidx.compose.ui.graphics.Color origin=null
                TYPE_ARG T: kotlin.Long
                TYPE_ARG R: androidx.compose.ui.graphics.Color
                ARG v: CONST Long type=kotlin.Long value=0
            ARG tertiaryFixedDim: COMPOSITE type=androidx.compose.ui.graphics.Color origin=DEFAULT_VALUE
              CALL 'public final fun <unsafe-coerce> <T, R> (v: T of kotlin.jvm.internal.<unsafe-coerce>): R of kotlin.jvm.internal.<unsafe-coerce> declared in kotlin.jvm.internal' type=androidx.compose.ui.graphics.Color origin=null
                TYPE_ARG T: kotlin.Long
                TYPE_ARG R: androidx.compose.ui.graphics.Color
                ARG v: CONST Long type=kotlin.Long value=0
            ARG onTertiaryFixed: COMPOSITE type=androidx.compose.ui.graphics.Color origin=DEFAULT_VALUE
              CALL 'public final fun <unsafe-coerce> <T, R> (v: T of kotlin.jvm.internal.<unsafe-coerce>): R of kotlin.jvm.internal.<unsafe-coerce> declared in kotlin.jvm.internal' type=androidx.compose.ui.graphics.Color origin=null
                TYPE_ARG T: kotlin.Long
                TYPE_ARG R: androidx.compose.ui.graphics.Color
                ARG v: CONST Long type=kotlin.Long value=0
            ARG onTertiaryFixedVariant: COMPOSITE type=androidx.compose.ui.graphics.Color origin=DEFAULT_VALUE
              CALL 'public final fun <unsafe-coerce> <T, R> (v: T of kotlin.jvm.internal.<unsafe-coerce>): R of kotlin.jvm.internal.<unsafe-coerce> declared in kotlin.jvm.internal' type=androidx.compose.ui.graphics.Color origin=null
                TYPE_ARG T: kotlin.Long
                TYPE_ARG R: androidx.compose.ui.graphics.Color
                ARG v: CONST Long type=kotlin.Long value=0
            ARG $mask0: CONST Int type=kotlin.Int value=-524290
            ARG $mask1: CONST Int type=kotlin.Int value=65535
            ARG $handler: CONST Null type=kotlin.Any? value=null
    BLOCK type=kotlin.Unit origin=ARGUMENTS_REORDERING_FOR_CALL
      VAR IR_TEMPORARY_VARIABLE name:tmp0_typography type:androidx.compose.material3.Typography [val]
        CALL 'public final fun <get-Typography> (): androidx.compose.material3.Typography declared in com.seanchen.xinchat.core.designsystem.theme.TypeKt' type=androidx.compose.material3.Typography origin=GET_PROPERTY
      VAR IR_TEMPORARY_VARIABLE name:tmp1_shapes type:androidx.compose.material3.Shapes [val]
        CALL 'public final fun <get-AppShapes> (): androidx.compose.material3.Shapes declared in com.seanchen.xinchat.core.designsystem.theme.ShapeKt' type=androidx.compose.material3.Shapes origin=GET_PROPERTY
      CALL 'public final fun MaterialTheme (colorScheme: androidx.compose.material3.ColorScheme, shapes: androidx.compose.material3.Shapes, typography: androidx.compose.material3.Typography, content: @[Composable] kotlin.Function0<kotlin.Unit>): kotlin.Unit declared in androidx.compose.material3.MaterialThemeKt' type=kotlin.Unit origin=null
        ARG colorScheme: GET_VAR 'val colorScheme: androidx.compose.material3.ColorScheme [val] declared in com.seanchen.xinchat.core.designsystem.theme.ThemeKt.AppTheme-RPmYEkk' type=androidx.compose.material3.ColorScheme origin=null
        ARG shapes: GET_VAR 'val tmp1_shapes: androidx.compose.material3.Shapes [val] declared in com.seanchen.xinchat.core.designsystem.theme.ThemeKt.AppTheme-RPmYEkk' type=androidx.compose.material3.Shapes origin=null
        ARG typography: GET_VAR 'val tmp0_typography: androidx.compose.material3.Typography [val] declared in com.seanchen.xinchat.core.designsystem.theme.ThemeKt.AppTheme-RPmYEkk' type=androidx.compose.material3.Typography origin=null
        ARG content: GET_VAR 'content: @[Composable] kotlin.Function0<kotlin.Unit> declared in com.seanchen.xinchat.core.designsystem.theme.ThemeKt.AppTheme-RPmYEkk' type=@[Composable] kotlin.Function0<kotlin.Unit> origin=null

	at org.jetbrains.kotlin.backend.jvm.codegen.FunctionCodegen.generate(FunctionCodegen.kt:50)
	at org.jetbrains.kotlin.backend.jvm.codegen.FunctionCodegen.generate$default(FunctionCodegen.kt:43)
	at org.jetbrains.kotlin.backend.jvm.codegen.ClassCodegen.generateMethodNode(ClassCodegen.kt:422)
	at org.jetbrains.kotlin.backend.jvm.codegen.ClassCodegen.generateMethod(ClassCodegen.kt:439)
	at org.jetbrains.kotlin.backend.jvm.codegen.ClassCodegen.generate(ClassCodegen.kt:164)
	at org.jetbrains.kotlin.backend.jvm.JvmIrCodegenFactory.generateFile(JvmIrCodegenFactory.kt:419)
	at org.jetbrains.kotlin.backend.jvm.JvmIrCodegenFactory.invokeCodegen(JvmIrCodegenFactory.kt:388)
	at org.jetbrains.kotlin.cli.jvm.compiler.KotlinToJVMBytecodeCompiler.runCodegen$cli(KotlinToJVMBytecodeCompiler.kt:431)
	at org.jetbrains.kotlin.cli.pipeline.jvm.JvmBackendPipelinePhase.executePhase(JvmBackendPipelinePhase.kt:95)
	at org.jetbrains.kotlin.cli.pipeline.jvm.JvmBackendPipelinePhase.executePhase(JvmBackendPipelinePhase.kt:36)
	at org.jetbrains.kotlin.cli.pipeline.jvm.JvmBackendPipelinePhase.executePhase(JvmBackendPipelinePhase.kt:29)
	at org.jetbrains.kotlin.cli.pipeline.PipelinePhase.phaseBody(PipelinePhase.kt:68)
	at org.jetbrains.kotlin.cli.pipeline.PipelinePhase.phaseBody(PipelinePhase.kt:58)
	at org.jetbrains.kotlin.config.phaser.NamedCompilerPhase.invoke(CompilerPhase.kt:102)
	at org.jetbrains.kotlin.backend.common.phaser.CompositePhase.invoke(PhaseBuilders.kt:22)
	at org.jetbrains.kotlin.config.phaser.CompilerPhaseKt.invokeToplevel(CompilerPhase.kt:53)
	at org.jetbrains.kotlin.cli.pipeline.AbstractCliPipeline.runPhasedPipeline(AbstractCliPipeline.kt:109)
	at org.jetbrains.kotlin.cli.pipeline.AbstractCliPipeline.execute(AbstractCliPipeline.kt:68)
	at org.jetbrains.kotlin.cli.jvm.K2JVMCompiler.doExecutePhased(K2JVMCompiler.kt:78)
	at org.jetbrains.kotlin.cli.jvm.K2JVMCompiler.doExecutePhased(K2JVMCompiler.kt:44)
	at org.jetbrains.kotlin.cli.common.CLICompiler.execImpl(CLICompiler.kt:90)
	at org.jetbrains.kotlin.cli.common.CLICompiler.exec(CLICompiler.kt:352)
	at org.jetbrains.kotlin.incremental.IncrementalJvmCompilerRunnerBase.runCompiler(IncrementalJvmCompilerRunnerBase.kt:175)
	at org.jetbrains.kotlin.incremental.IncrementalJvmCompilerRunnerBase.runCompiler(IncrementalJvmCompilerRunnerBase.kt:38)
	at org.jetbrains.kotlin.incremental.IncrementalCompilerRunner.doCompile(IncrementalCompilerRunner.kt:504)
	at org.jetbrains.kotlin.incremental.IncrementalCompilerRunner.compileImpl(IncrementalCompilerRunner.kt:421)
	at org.jetbrains.kotlin.incremental.IncrementalCompilerRunner.compileNonIncrementally(IncrementalCompilerRunner.kt:306)
	at org.jetbrains.kotlin.incremental.IncrementalCompilerRunner.compile(IncrementalCompilerRunner.kt:133)
	at org.jetbrains.kotlin.daemon.CompileServiceImplBase.execIncrementalCompiler(CompileServiceImpl.kt:679)
	at org.jetbrains.kotlin.daemon.CompileServiceImplBase.access$execIncrementalCompiler(CompileServiceImpl.kt:93)
	at org.jetbrains.kotlin.daemon.CompileServiceImpl.compile(CompileServiceImpl.kt:1806)
	at java.base/jdk.internal.reflect.DirectMethodHandleAccessor.invoke(Unknown Source)
	at java.base/java.lang.reflect.Method.invoke(Unknown Source)
	at java.rmi/sun.rmi.server.UnicastServerRef.dispatch(Unknown Source)
	at java.rmi/sun.rmi.transport.Transport$1.run(Unknown Source)
	at java.rmi/sun.rmi.transport.Transport$1.run(Unknown Source)
	at java.base/java.security.AccessController.doPrivileged(Unknown Source)
	at java.rmi/sun.rmi.transport.Transport.serviceCall(Unknown Source)
	at java.rmi/sun.rmi.transport.tcp.TCPTransport.handleMessages(Unknown Source)
	at java.rmi/sun.rmi.transport.tcp.TCPTransport$ConnectionHandler.run0(Unknown Source)
	at java.rmi/sun.rmi.transport.tcp.TCPTransport$ConnectionHandler.lambda$run$0(Unknown Source)
	at java.base/java.security.AccessController.doPrivileged(Unknown Source)
	at java.rmi/sun.rmi.transport.tcp.TCPTransport$ConnectionHandler.run(Unknown Source)
	at java.base/java.util.concurrent.ThreadPoolExecutor.runWorker(Unknown Source)
	at java.base/java.util.concurrent.ThreadPoolExecutor$Worker.run(Unknown Source)
	at java.base/java.lang.Thread.run(Unknown Source)
Caused by: org.jetbrains.kotlin.codegen.CompilationException: Back-end (JVM) Internal error: Couldn't inline method call: CALL 'public final fun <get-current> (): T of androidx.compose.runtime.CompositionLocal [inline] declared in androidx.compose.runtime.CompositionLocal' type=android.content.Context origin=GET_PROPERTY
Method: null
File is unknown
The root cause java.lang.IllegalStateException was thrown at: org.jetbrains.kotlin.codegen.inline.SourceCompilerForInlineKt.getMethodNode(SourceCompilerForInline.kt:129)
	at org.jetbrains.kotlin.backend.jvm.codegen.IrInlineCodegen.genInlineCall(IrInlineCodegen.kt:82)
	at org.jetbrains.kotlin.backend.jvm.codegen.IrInlineCallGenerator.genCall(IrInlineCallGenerator.kt:36)
	at org.jetbrains.kotlin.backend.jvm.codegen.ExpressionCodegen.visitCall(ExpressionCodegen.kt:586)
	at org.jetbrains.kotlin.backend.jvm.codegen.ExpressionCodegen.visitCall(ExpressionCodegen.kt:135)
	at org.jetbrains.kotlin.ir.expressions.IrCall.accept(IrCall.kt:24)
	at org.jetbrains.kotlin.backend.jvm.codegen.ExpressionCodegen.visitVariable(ExpressionCodegen.kt:725)
	at org.jetbrains.kotlin.backend.jvm.codegen.ExpressionCodegen.visitVariable(ExpressionCodegen.kt:135)
	at org.jetbrains.kotlin.ir.declarations.IrVariable.accept(IrVariable.kt:36)
	at org.jetbrains.kotlin.backend.jvm.codegen.ExpressionCodegen.visitStatementContainer(ExpressionCodegen.kt:527)
	at org.jetbrains.kotlin.backend.jvm.codegen.ExpressionCodegen.visitContainerExpression(ExpressionCodegen.kt:541)
	at org.jetbrains.kotlin.backend.jvm.codegen.ExpressionCodegen.visitContainerExpression(ExpressionCodegen.kt:135)
	at org.jetbrains.kotlin.ir.visitors.IrVisitor.visitBlock(IrVisitor.kt:122)
	at org.jetbrains.kotlin.backend.jvm.codegen.ExpressionCodegen.visitBlock(ExpressionCodegen.kt:413)
	at org.jetbrains.kotlin.backend.jvm.codegen.ExpressionCodegen.visitBlock(ExpressionCodegen.kt:135)
	at org.jetbrains.kotlin.ir.expressions.IrBlock.accept(IrBlock.kt:18)
	at org.jetbrains.kotlin.backend.jvm.codegen.ExpressionCodegen.visitWhen(ExpressionCodegen.kt:1049)
	at org.jetbrains.kotlin.backend.jvm.codegen.ExpressionCodegen.visitWhen(ExpressionCodegen.kt:135)
	at org.jetbrains.kotlin.ir.expressions.IrWhen.accept(IrWhen.kt:24)
	at org.jetbrains.kotlin.backend.jvm.codegen.ExpressionCodegen.visitVariable(ExpressionCodegen.kt:725)
	at org.jetbrains.kotlin.backend.jvm.codegen.ExpressionCodegen.visitVariable(ExpressionCodegen.kt:135)
	at org.jetbrains.kotlin.ir.declarations.IrVariable.accept(IrVariable.kt:36)
	at org.jetbrains.kotlin.backend.jvm.codegen.ExpressionCodegen.visitStatementContainer(ExpressionCodegen.kt:527)
	at org.jetbrains.kotlin.backend.jvm.codegen.ExpressionCodegen.visitBlockBody(ExpressionCodegen.kt:532)
	at org.jetbrains.kotlin.backend.jvm.codegen.ExpressionCodegen.visitBlockBody(ExpressionCodegen.kt:135)
	at org.jetbrains.kotlin.ir.expressions.IrBlockBody.accept(IrBlockBody.kt:20)
	at org.jetbrains.kotlin.backend.jvm.codegen.ExpressionCodegen.generate(ExpressionCodegen.kt:233)
	at org.jetbrains.kotlin.backend.jvm.codegen.FunctionCodegen.doGenerate(FunctionCodegen.kt:126)
	at org.jetbrains.kotlin.backend.jvm.codegen.FunctionCodegen.generate(FunctionCodegen.kt:47)
	... 45 more
Caused by: java.lang.IllegalStateException: couldn't find inline method Landroidx/compose/runtime/CompositionLocal;.getCurrent()Ljava/lang/Object;
	at org.jetbrains.kotlin.codegen.inline.SourceCompilerForInlineKt.getMethodNode(SourceCompilerForInline.kt:129)
	at org.jetbrains.kotlin.codegen.inline.SourceCompilerForInlineKt.loadCompiledInlineFunction$lambda$2(SourceCompilerForInline.kt:98)
	at org.jetbrains.kotlin.codegen.inline.InlineCache.computeMethodBytes(InlineCache.kt:90)
	at org.jetbrains.kotlin.codegen.inline.SourceCompilerForInlineKt.loadCompiledInlineFunction(SourceCompilerForInline.kt:93)
	at org.jetbrains.kotlin.backend.jvm.codegen.IrSourceCompilerForInline.compileInlineFunction(IrSourceCompilerForInline.kt:96)
	at org.jetbrains.kotlin.backend.jvm.codegen.IrInlineCodegen.genInlineCall(IrInlineCodegen.kt:65)
	... 72 more


